Qualify — MSI install/run/uninstall	UNKNOWN STEP	﻿2026-08-25T13:50:48.8893339Z Current runner version: '2.336.0'
Qualify — MSI install/run/uninstall	UNKNOWN STEP	2026-08-25T13:50:48.8918661Z ##[group]Runner Image Provisioner
Qualify — MSI install/run/uninstall	UNKNOWN STEP	2026-08-25T13:50:48.8919518Z Hosted Compute Agent
Qualify — MSI install/run/uninstall	UNKNOWN STEP	2026-08-25T13:50:48.8920068Z Version: 20260729.566
Qualify — MSI install/run/uninstall	UNKNOWN STEP	2026-08-25T13:50:48.8920682Z Commit: cf7153fe6e25b664e8693c24944bf2b00355d109
Qualify — MSI install/run/uninstall	UNKNOWN STEP	2026-08-25T13:50:48.8921521Z Build Date: 2026-07-29T19:17:02Z
Qualify — MSI install/run/uninstall	UNKNOWN STEP	2026-08-25T13:50:48.8922263Z Worker ID: {b9ee6c52-12b4-4122-a5dc-9a1586579efc}
Qualify — MSI install/run/uninstall	UNKNOWN STEP	2026-08-25T13:50:48.8922980Z Azure Region: westcentralus
Qualify — MSI install/run/uninstall	UNKNOWN STEP	2026-08-25T13:50:48.8923582Z ##[endgroup]
Qualify — MSI install/run/uninstall	UNKNOWN STEP	2026-08-25T13:50:48.8925050Z ##[group]Operating System
Qualify — MSI install/run/uninstall	UNKNOWN STEP	2026-08-25T13:50:48.8925683Z Microsoft Windows Server 2025
Qualify — MSI install/run/uninstall	UNKNOWN STEP	2026-08-25T13:50:48.8926507Z 10.0.26100
Qualify — MSI install/run/uninstall	UNKNOWN STEP	2026-08-25T13:50:48.8927024Z Datacenter
Qualify — MSI install/run/uninstall	UNKNOWN STEP	2026-08-25T13:50:48.8927518Z ##[endgroup]
Qualify — MSI install/run/uninstall	UNKNOWN STEP	2026-08-25T13:50:48.8928076Z ##[group]Runner Image
Qualify — MSI install/run/uninstall	UNKNOWN STEP	2026-08-25T13:50:48.8928715Z Image: windows-2025-vs2026
Qualify — MSI install/run/uninstall	UNKNOWN STEP	2026-08-25T13:50:48.8929546Z Version: 20260818.207.1
Qualify — MSI install/run/uninstall	UNKNOWN STEP	2026-08-25T13:50:48.8931029Z Included Software: https://github.com/actions/runner-images/blob/win25-vs2026/20260818.207/images/windows/Windows2025-VS2026-Readme.md
Qualify — MSI install/run/uninstall	UNKNOWN STEP	2026-08-25T13:50:48.8932620Z Image Release: https://github.com/actions/runner-images/releases/tag/win25-vs2026%2F20260818.207
Qualify — MSI install/run/uninstall	UNKNOWN STEP	2026-08-25T13:50:48.8933585Z ##[endgroup]
Qualify — MSI install/run/uninstall	UNKNOWN STEP	2026-08-25T13:50:48.8934742Z ##[group]GITHUB_TOKEN Permissions
Qualify — MSI install/run/uninstall	UNKNOWN STEP	2026-08-25T13:50:48.8936761Z Contents: read
Qualify — MSI install/run/uninstall	UNKNOWN STEP	2026-08-25T13:50:48.8937386Z Metadata: read
Qualify — MSI install/run/uninstall	UNKNOWN STEP	2026-08-25T13:50:48.8937929Z ##[endgroup]
Qualify — MSI install/run/uninstall	UNKNOWN STEP	2026-08-25T13:50:48.8940263Z Secret source: Actions
Qualify — MSI install/run/uninstall	UNKNOWN STEP	2026-08-25T13:50:48.8941273Z Prepare workflow directory
Qualify — MSI install/run/uninstall	UNKNOWN STEP	2026-08-25T13:50:48.9428774Z Prepare all required actions
Qualify — MSI install/run/uninstall	UNKNOWN STEP	2026-08-25T13:50:48.9477129Z Getting action download info
Qualify — MSI install/run/uninstall	UNKNOWN STEP	2026-08-25T13:50:49.2308355Z Download action repository 'actions/checkout@3d3c42e5aac5ba805825da76410c181273ba90b1' (SHA:3d3c42e5aac5ba805825da76410c181273ba90b1)
Qualify — MSI install/run/uninstall	UNKNOWN STEP	2026-08-25T13:50:49.3575355Z Download action repository 'actions/setup-node@820762786026740c76f36085b0efc47a31fe5020' (SHA:820762786026740c76f36085b0efc47a31fe5020)
Qualify — MSI install/run/uninstall	UNKNOWN STEP	2026-08-25T13:50:49.5158354Z Download action repository 'actions/download-artifact@fa0a91b85d4f404e444e00e005971372dc801d16' (SHA:fa0a91b85d4f404e444e00e005971372dc801d16)
Qualify — MSI install/run/uninstall	UNKNOWN STEP	2026-08-25T13:50:50.1405230Z Download action repository 'actions/upload-artifact@043fb46d1a93c77aae656e7c1c64a875d1fc6a0a' (SHA:043fb46d1a93c77aae656e7c1c64a875d1fc6a0a)
Qualify — MSI install/run/uninstall	UNKNOWN STEP	2026-08-25T13:50:50.3798529Z Complete job name: Qualify — MSI install/run/uninstall
Qualify — MSI install/run/uninstall	UNKNOWN STEP	2026-08-25T13:50:50.5458463Z ##[group]Run actions/checkout@3d3c42e5aac5ba805825da76410c181273ba90b1
Qualify — MSI install/run/uninstall	UNKNOWN STEP	2026-08-25T13:50:50.5459824Z with:
Qualify — MSI install/run/uninstall	UNKNOWN STEP	2026-08-25T13:50:50.5460264Z   repository: quantdale/monitorers
Qualify — MSI install/run/uninstall	UNKNOWN STEP	2026-08-25T13:50:50.5465284Z   token: ***
Qualify — MSI install/run/uninstall	UNKNOWN STEP	2026-08-25T13:50:50.5466030Z   ssh-strict: true
Qualify — MSI install/run/uninstall	UNKNOWN STEP	2026-08-25T13:50:50.5466720Z   ssh-user: git
Qualify — MSI install/run/uninstall	UNKNOWN STEP	2026-08-25T13:50:50.5467695Z   persist-credentials: true
Qualify — MSI install/run/uninstall	UNKNOWN STEP	2026-08-25T13:50:50.5468416Z   clean: true
Qualify — MSI install/run/uninstall	UNKNOWN STEP	2026-08-25T13:50:50.5469135Z   sparse-checkout-cone-mode: true
Qualify — MSI install/run/uninstall	UNKNOWN STEP	2026-08-25T13:50:50.5469943Z   fetch-depth: 1
Qualify — MSI install/run/uninstall	UNKNOWN STEP	2026-08-25T13:50:50.5470596Z   fetch-tags: false
Qualify — MSI install/run/uninstall	UNKNOWN STEP	2026-08-25T13:50:50.5471313Z   show-progress: true
Qualify — MSI install/run/uninstall	UNKNOWN STEP	2026-08-25T13:50:50.5471783Z   lfs: false
Qualify — MSI install/run/uninstall	UNKNOWN STEP	2026-08-25T13:50:50.5472203Z   submodules: false
Qualify — MSI install/run/uninstall	UNKNOWN STEP	2026-08-25T13:50:50.5472646Z   set-safe-directory: true
Qualify — MSI install/run/uninstall	UNKNOWN STEP	2026-08-25T13:50:50.5473147Z   allow-unsafe-pr-checkout: false
Qualify — MSI install/run/uninstall	UNKNOWN STEP	2026-08-25T13:50:50.5474031Z env:
Qualify — MSI install/run/uninstall	UNKNOWN STEP	2026-08-25T13:50:50.5474436Z   CARGO_TERM_COLOR: always
Qualify — MSI install/run/uninstall	UNKNOWN STEP	2026-08-25T13:50:50.5474909Z ##[endgroup]
Qualify — MSI install/run/uninstall	UNKNOWN STEP	2026-08-25T13:50:50.7001238Z Syncing repository: quantdale/monitorers
Qualify — MSI install/run/uninstall	UNKNOWN STEP	2026-08-25T13:50:50.7003839Z ##[group]Getting Git version info
Qualify — MSI install/run/uninstall	UNKNOWN STEP	2026-08-25T13:50:50.7006056Z Working directory is 'D:\a\monitorers\monitorers'
Qualify — MSI install/run/uninstall	UNKNOWN STEP	2026-08-25T13:50:50.7944539Z [command]"C:\Program Files\Git\bin\git.exe" version
Qualify — MSI install/run/uninstall	UNKNOWN STEP	2026-08-25T13:50:51.2620357Z git version 2.55.0.windows.4
Qualify — MSI install/run/uninstall	UNKNOWN STEP	2026-08-25T13:50:51.2667935Z ##[endgroup]
Qualify — MSI install/run/uninstall	UNKNOWN STEP	2026-08-25T13:50:51.2683357Z Temporarily overriding HOME='D:\a\_temp\900aa826-2884-4ea6-9f74-5d732277b6cc' before making global git config changes
Qualify — MSI install/run/uninstall	UNKNOWN STEP	2026-08-25T13:50:51.2684626Z Adding repository directory to the temporary git global config as a safe directory
Qualify — MSI install/run/uninstall	UNKNOWN STEP	2026-08-25T13:50:51.2693947Z [command]"C:\Program Files\Git\bin\git.exe" config --global --add safe.directory D:\a\monitorers\monitorers
Qualify — MSI install/run/uninstall	UNKNOWN STEP	2026-08-25T13:50:51.3334003Z Deleting the contents of 'D:\a\monitorers\monitorers'
Qualify — MSI install/run/uninstall	UNKNOWN STEP	2026-08-25T13:50:51.3339290Z ##[group]Determining repository object format
Qualify — MSI install/run/uninstall	UNKNOWN STEP	2026-08-25T13:50:51.3341897Z ##[endgroup]
Qualify — MSI install/run/uninstall	UNKNOWN STEP	2026-08-25T13:50:51.3343788Z ##[group]Initializing the repository
Qualify — MSI install/run/uninstall	UNKNOWN STEP	2026-08-25T13:50:51.3350774Z [command]"C:\Program Files\Git\bin\git.exe" init D:\a\monitorers\monitorers
Qualify — MSI install/run/uninstall	UNKNOWN STEP	2026-08-25T13:50:51.4284826Z Initialized empty Git repository in D:/a/monitorers/monitorers/.git/
Qualify — MSI install/run/uninstall	UNKNOWN STEP	2026-08-25T13:50:51.4333053Z [command]"C:\Program Files\Git\bin\git.exe" remote add origin https://github.com/quantdale/monitorers
Qualify — MSI install/run/uninstall	UNKNOWN STEP	2026-08-25T13:50:51.4955421Z ##[endgroup]
Qualify — MSI install/run/uninstall	UNKNOWN STEP	2026-08-25T13:50:51.4956195Z ##[group]Disabling automatic garbage collection
Qualify — MSI install/run/uninstall	UNKNOWN STEP	2026-08-25T13:50:51.4964825Z [command]"C:\Program Files\Git\bin\git.exe" config --local gc.auto 0
Qualify — MSI install/run/uninstall	UNKNOWN STEP	2026-08-25T13:50:51.5252394Z ##[endgroup]
Qualify — MSI install/run/uninstall	UNKNOWN STEP	2026-08-25T13:50:51.5253180Z ##[group]Setting up auth
Qualify — MSI install/run/uninstall	UNKNOWN STEP	2026-08-25T13:50:51.5253755Z Removing SSH command configuration
Qualify — MSI install/run/uninstall	UNKNOWN STEP	2026-08-25T13:50:51.5263775Z [command]"C:\Program Files\Git\bin\git.exe" config --local --name-only --get-regexp core\.sshCommand
Qualify — MSI install/run/uninstall	UNKNOWN STEP	2026-08-25T13:50:51.5568085Z [command]"C:\Program Files\Git\bin\git.exe" submodule foreach --recursive "sh -c \"git config --local --name-only --get-regexp 'core\.sshCommand' && git config --local --unset-all 'core.sshCommand' || :\""
Qualify — MSI install/run/uninstall	UNKNOWN STEP	2026-08-25T13:50:53.0402057Z Removing HTTP extra header
Qualify — MSI install/run/uninstall	UNKNOWN STEP	2026-08-25T13:50:53.0411947Z [command]"C:\Program Files\Git\bin\git.exe" config --local --name-only --get-regexp http\.https\:\/\/github\.com\/\.extraheader
Qualify — MSI install/run/uninstall	UNKNOWN STEP	2026-08-25T13:50:53.0710039Z [command]"C:\Program Files\Git\bin\git.exe" submodule foreach --recursive "sh -c \"git config --local --name-only --get-regexp 'http\.https\:\/\/github\.com\/\.extraheader' && git config --local --unset-all 'http.https://github.com/.extraheader' || :\""
Qualify — MSI install/run/uninstall	UNKNOWN STEP	2026-08-25T13:50:53.6040481Z Removing includeIf entries pointing to credentials config files
Qualify — MSI install/run/uninstall	UNKNOWN STEP	2026-08-25T13:50:53.6055806Z [command]"C:\Program Files\Git\bin\git.exe" config --local --name-only --get-regexp ^includeIf\.gitdir:
Qualify — MSI install/run/uninstall	UNKNOWN STEP	2026-08-25T13:50:53.6377389Z [command]"C:\Program Files\Git\bin\git.exe" submodule foreach --recursive "git config --local --show-origin --name-only --get-regexp remote.origin.url"
Qualify — MSI install/run/uninstall	UNKNOWN STEP	2026-08-25T13:50:54.1811230Z [command]"C:\Program Files\Git\bin\git.exe" config --file D:\a\_temp\git-credentials-f532ef6c-583a-4637-8ddc-dca17380398a.config http.https://github.com/.extraheader "AUTHORIZATION: basic ***"
Qualify — MSI install/run/uninstall	UNKNOWN STEP	2026-08-25T13:50:54.2142831Z [command]"C:\Program Files\Git\bin\git.exe" config --local includeIf.gitdir:D:/a/monitorers/monitorers/.git.path D:\a\_temp\git-credentials-f532ef6c-583a-4637-8ddc-dca17380398a.config
Qualify — MSI install/run/uninstall	UNKNOWN STEP	2026-08-25T13:50:54.2447868Z [command]"C:\Program Files\Git\bin\git.exe" config --local includeIf.gitdir:D:/a/monitorers/monitorers/.git/worktrees/*.path D:\a\_temp\git-credentials-f532ef6c-583a-4637-8ddc-dca17380398a.config
Qualify — MSI install/run/uninstall	UNKNOWN STEP	2026-08-25T13:50:54.2789505Z [command]"C:\Program Files\Git\bin\git.exe" config --local includeIf.gitdir:/github/workspace/.git.path /github/runner_temp/git-credentials-f532ef6c-583a-4637-8ddc-dca17380398a.config
Qualify — MSI install/run/uninstall	UNKNOWN STEP	2026-08-25T13:50:54.3096391Z [command]"C:\Program Files\Git\bin\git.exe" config --local includeIf.gitdir:/github/workspace/.git/worktrees/*.path /github/runner_temp/git-credentials-f532ef6c-583a-4637-8ddc-dca17380398a.config
Qualify — MSI install/run/uninstall	UNKNOWN STEP	2026-08-25T13:50:54.3387075Z ##[endgroup]
Qualify — MSI install/run/uninstall	UNKNOWN STEP	2026-08-25T13:50:54.3387502Z ##[group]Fetching the repository
Qualify — MSI install/run/uninstall	UNKNOWN STEP	2026-08-25T13:50:54.3398594Z [command]"C:\Program Files\Git\bin\git.exe" -c protocol.version=2 fetch --no-tags --prune --no-recurse-submodules --depth=1 origin +refs/tags/v0.1.4-rc4:refs/tags/v0.1.4-rc4
Qualify — MSI install/run/uninstall	UNKNOWN STEP	2026-08-25T13:50:55.8849769Z From https://github.com/quantdale/monitorers
Qualify — MSI install/run/uninstall	UNKNOWN STEP	2026-08-25T13:50:55.8850432Z  * [new tag]         v0.1.4-rc4 -> v0.1.4-rc4
Qualify — MSI install/run/uninstall	UNKNOWN STEP	2026-08-25T13:50:55.8905018Z [command]"C:\Program Files\Git\bin\git.exe" tag --list v0.1.4-rc4
Qualify — MSI install/run/uninstall	UNKNOWN STEP	2026-08-25T13:50:55.9223363Z v0.1.4-rc4
Qualify — MSI install/run/uninstall	UNKNOWN STEP	2026-08-25T13:50:55.9279328Z [command]"C:\Program Files\Git\bin\git.exe" rev-parse refs/tags/v0.1.4-rc4^{commit}
Qualify — MSI install/run/uninstall	UNKNOWN STEP	2026-08-25T13:50:55.9549125Z d3a992acda0dfe09d8221d7dff39f692e137d6fd
Qualify — MSI install/run/uninstall	UNKNOWN STEP	2026-08-25T13:50:55.9582794Z ##[endgroup]
Qualify — MSI install/run/uninstall	UNKNOWN STEP	2026-08-25T13:50:55.9583172Z ##[group]Determining the checkout info
Qualify — MSI install/run/uninstall	UNKNOWN STEP	2026-08-25T13:50:55.9583744Z ##[endgroup]
Qualify — MSI install/run/uninstall	UNKNOWN STEP	2026-08-25T13:50:55.9592416Z [command]"C:\Program Files\Git\bin\git.exe" sparse-checkout disable
Qualify — MSI install/run/uninstall	UNKNOWN STEP	2026-08-25T13:50:56.0025964Z [command]"C:\Program Files\Git\bin\git.exe" config --local --unset-all extensions.worktreeConfig
Qualify — MSI install/run/uninstall	UNKNOWN STEP	2026-08-25T13:50:56.0350126Z ##[group]Checking out the ref
Qualify — MSI install/run/uninstall	UNKNOWN STEP	2026-08-25T13:50:56.0368685Z [command]"C:\Program Files\Git\bin\git.exe" checkout --progress --force refs/tags/v0.1.4-rc4
Qualify — MSI install/run/uninstall	UNKNOWN STEP	2026-08-25T13:50:56.2155513Z Note: switching to 'refs/tags/v0.1.4-rc4'.
Qualify — MSI install/run/uninstall	UNKNOWN STEP	2026-08-25T13:50:56.2155981Z 
Qualify — MSI install/run/uninstall	UNKNOWN STEP	2026-08-25T13:50:56.2156607Z You are in 'detached HEAD' state. You can look around, make experimental
Qualify — MSI install/run/uninstall	UNKNOWN STEP	2026-08-25T13:50:56.2157582Z changes and commit them, and you can discard any commits you make in this
Qualify — MSI install/run/uninstall	UNKNOWN STEP	2026-08-25T13:50:56.2158259Z state without impacting any branches by switching back to a branch.
Qualify — MSI install/run/uninstall	UNKNOWN STEP	2026-08-25T13:50:56.2158536Z 
Qualify — MSI install/run/uninstall	UNKNOWN STEP	2026-08-25T13:50:56.2158724Z If you want to create a new branch to retain commits you create, you may
Qualify — MSI install/run/uninstall	UNKNOWN STEP	2026-08-25T13:50:56.2159167Z do so (now or later) by using -c with the switch command. Example:
Qualify — MSI install/run/uninstall	UNKNOWN STEP	2026-08-25T13:50:56.2159452Z 
Qualify — MSI install/run/uninstall	UNKNOWN STEP	2026-08-25T13:50:56.2159598Z   git switch -c <new-branch-name>
Qualify — MSI install/run/uninstall	UNKNOWN STEP	2026-08-25T13:50:56.2159774Z 
Qualify — MSI install/run/uninstall	UNKNOWN STEP	2026-08-25T13:50:56.2159866Z Or undo this operation with:
Qualify — MSI install/run/uninstall	UNKNOWN STEP	2026-08-25T13:50:56.2160023Z 
Qualify — MSI install/run/uninstall	UNKNOWN STEP	2026-08-25T13:50:56.2160096Z   git switch -
Qualify — MSI install/run/uninstall	UNKNOWN STEP	2026-08-25T13:50:56.2160221Z 
Qualify — MSI install/run/uninstall	UNKNOWN STEP	2026-08-25T13:50:56.2160426Z Turn off this advice by setting config variable advice.detachedHead to false
Qualify — MSI install/run/uninstall	UNKNOWN STEP	2026-08-25T13:50:56.2160727Z 
Qualify — MSI install/run/uninstall	UNKNOWN STEP	2026-08-25T13:50:56.2161001Z HEAD is now at d3a992a fix(ci)+chore(qualify): NSIS dir resolution + CDP failure diagnostics
Qualify — MSI install/run/uninstall	UNKNOWN STEP	2026-08-25T13:50:56.2326141Z ##[endgroup]
Qualify — MSI install/run/uninstall	UNKNOWN STEP	2026-08-25T13:50:56.2795552Z [command]"C:\Program Files\Git\bin\git.exe" log -1 --format=%H
Qualify — MSI install/run/uninstall	UNKNOWN STEP	2026-08-25T13:50:56.3069247Z d3a992acda0dfe09d8221d7dff39f692e137d6fd
Qualify — MSI install/run/uninstall	UNKNOWN STEP	2026-08-25T13:50:56.3598660Z ##[group]Run actions/setup-node@820762786026740c76f36085b0efc47a31fe5020
Qualify — MSI install/run/uninstall	UNKNOWN STEP	2026-08-25T13:50:56.3599095Z with:
Qualify — MSI install/run/uninstall	UNKNOWN STEP	2026-08-25T13:50:56.3599292Z   node-version: 24
Qualify — MSI install/run/uninstall	UNKNOWN STEP	2026-08-25T13:50:56.3599484Z   cache: npm
Qualify — MSI install/run/uninstall	UNKNOWN STEP	2026-08-25T13:50:56.3599759Z   cache-dependency-path: sys-monitor-tauri/package-lock.json
Qualify — MSI install/run/uninstall	UNKNOWN STEP	2026-08-25T13:50:56.3600100Z   check-latest: false
Qualify — MSI install/run/uninstall	UNKNOWN STEP	2026-08-25T13:50:56.3602375Z   token: ***
Qualify — MSI install/run/uninstall	UNKNOWN STEP	2026-08-25T13:50:56.3602612Z   package-manager-cache: true
Qualify — MSI install/run/uninstall	UNKNOWN STEP	2026-08-25T13:50:56.3602835Z env:
Qualify — MSI install/run/uninstall	UNKNOWN STEP	2026-08-25T13:50:56.3603012Z   CARGO_TERM_COLOR: always
Qualify — MSI install/run/uninstall	UNKNOWN STEP	2026-08-25T13:50:56.3603229Z ##[endgroup]
Qualify — MSI install/run/uninstall	UNKNOWN STEP	2026-08-25T13:50:56.5305024Z Found in cache @ C:\hostedtoolcache\windows\node\24.19.0\x64
Qualify — MSI install/run/uninstall	UNKNOWN STEP	2026-08-25T13:50:56.5311045Z ##[group]Environment details
Qualify — MSI install/run/uninstall	UNKNOWN STEP	2026-08-25T13:51:02.0183634Z node: v24.19.0
Qualify — MSI install/run/uninstall	UNKNOWN STEP	2026-08-25T13:51:02.0183894Z npm: 11.17.0
Qualify — MSI install/run/uninstall	UNKNOWN STEP	2026-08-25T13:51:02.0184088Z yarn: 1.22.22
Qualify — MSI install/run/uninstall	UNKNOWN STEP	2026-08-25T13:51:02.0185032Z ##[endgroup]
Qualify — MSI install/run/uninstall	UNKNOWN STEP	2026-08-25T13:51:02.0710245Z [command]C:\Windows\system32\cmd.exe /D /S /C "C:\hostedtoolcache\windows\node\24.19.0\x64\npm.cmd config get cache"
Qualify — MSI install/run/uninstall	UNKNOWN STEP	2026-08-25T13:51:02.5654942Z C:\npm\cache
Qualify — MSI install/run/uninstall	UNKNOWN STEP	2026-08-25T13:51:02.9500891Z Cache hit for: node-cache-Windows-x64-npm-1dd08b5bd844413d43d8fde82786285ac788ea922accdf81fa48d341229349d5
Qualify — MSI install/run/uninstall	UNKNOWN STEP	2026-08-25T13:51:04.1989585Z Received 47632636 of 51826940 (91.9%), 44.9 MBs/sec
Qualify — MSI install/run/uninstall	UNKNOWN STEP	2026-08-25T13:51:04.5873570Z Received 51826940 of 51826940 (100.0%), 35.3 MBs/sec
Qualify — MSI install/run/uninstall	UNKNOWN STEP	2026-08-25T13:51:04.5876666Z Cache Size: ~49 MB (51826940 B)
Qualify — MSI install/run/uninstall	UNKNOWN STEP	2026-08-25T13:51:04.5944793Z [command]"C:\Program Files\Git\usr\bin\tar.exe" -xf D:/a/_temp/e5c72648-e8f7-4633-b680-fcb8aeadcf6d/cache.tzst -P -C D:/a/monitorers/monitorers --force-local --use-compress-program "zstd -d"
Qualify — MSI install/run/uninstall	UNKNOWN STEP	2026-08-25T13:51:05.5148970Z Cache restored successfully
Qualify — MSI install/run/uninstall	UNKNOWN STEP	2026-08-25T13:51:05.5245938Z Cache restored from key: node-cache-Windows-x64-npm-1dd08b5bd844413d43d8fde82786285ac788ea922accdf81fa48d341229349d5
Qualify — MSI install/run/uninstall	UNKNOWN STEP	2026-08-25T13:51:05.5603628Z ##[group]Run npm ci
Qualify — MSI install/run/uninstall	UNKNOWN STEP	2026-08-25T13:51:05.5603946Z [36;1mnpm ci[0m
Qualify — MSI install/run/uninstall	UNKNOWN STEP	2026-08-25T13:51:05.7475086Z shell: C:\Program Files\PowerShell\7\pwsh.EXE -command ". '{0}'"
Qualify — MSI install/run/uninstall	UNKNOWN STEP	2026-08-25T13:51:05.7475458Z env:
Qualify — MSI install/run/uninstall	UNKNOWN STEP	2026-08-25T13:51:05.7475655Z   CARGO_TERM_COLOR: always
Qualify — MSI install/run/uninstall	UNKNOWN STEP	2026-08-25T13:51:05.7475881Z ##[endgroup]
Qualify — MSI install/run/uninstall	UNKNOWN STEP	2026-08-25T13:51:09.8749293Z npm warn deprecated whatwg-encoding@3.1.1: Use @exodus/bytes instead for a more spec-conformant and faster implementation
Qualify — MSI install/run/uninstall	UNKNOWN STEP	2026-08-25T13:51:16.6426998Z 
Qualify — MSI install/run/uninstall	UNKNOWN STEP	2026-08-25T13:51:16.6427921Z added 225 packages, and audited 226 packages in 10s
Qualify — MSI install/run/uninstall	UNKNOWN STEP	2026-08-25T13:51:16.6428419Z 
Qualify — MSI install/run/uninstall	UNKNOWN STEP	2026-08-25T13:51:16.6428666Z 38 packages are looking for funding
Qualify — MSI install/run/uninstall	UNKNOWN STEP	2026-08-25T13:51:16.6429192Z   run `npm fund` for details
Qualify — MSI install/run/uninstall	UNKNOWN STEP	2026-08-25T13:51:16.6444102Z 
Qualify — MSI install/run/uninstall	UNKNOWN STEP	2026-08-25T13:51:16.6445485Z found 0 vulnerabilities
Qualify — MSI install/run/uninstall	UNKNOWN STEP	2026-08-25T13:51:16.6460367Z npm warn allow-scripts 1 package has install scripts not yet covered by allowScripts:
Qualify — MSI install/run/uninstall	UNKNOWN STEP	2026-08-25T13:51:16.6461546Z npm warn allow-scripts   esbuild@0.25.12 (postinstall: node install.js)
Qualify — MSI install/run/uninstall	UNKNOWN STEP	2026-08-25T13:51:16.6462398Z npm warn allow-scripts
Qualify — MSI install/run/uninstall	UNKNOWN STEP	2026-08-25T13:51:16.6464121Z npm warn allow-scripts Run `npm approve-scripts --allow-scripts-pending` to review, or `npm approve-scripts <pkg>` to allow.
Qualify — MSI install/run/uninstall	UNKNOWN STEP	2026-08-25T13:51:18.1681997Z ##[warning]Unexpected input(s) 'artifact-name', valid inputs are ['name', 'path', 'pattern', 'merge-multiple', 'github-token', 'repository', 'run-id']
Qualify — MSI install/run/uninstall	UNKNOWN STEP	2026-08-25T13:51:18.1703453Z Node 20 is being deprecated. This workflow is running with Node 24 by default. If you need to temporarily use Node 20, you can set the ACTIONS_ALLOW_USE_UNSECURE_NODE_VERSION=true environment variable. For more information see: https://github.blog/changelog/2025-09-19-deprecation-of-node-20-on-github-actions-runners/
Qualify — MSI install/run/uninstall	UNKNOWN STEP	2026-08-25T13:51:18.1705846Z ##[group]Run actions/download-artifact@fa0a91b85d4f404e444e00e005971372dc801d16
Qualify — MSI install/run/uninstall	UNKNOWN STEP	2026-08-25T13:51:18.1706818Z with:
Qualify — MSI install/run/uninstall	UNKNOWN STEP	2026-08-25T13:51:18.1707129Z   artifact-name: windows-installers
Qualify — MSI install/run/uninstall	UNKNOWN STEP	2026-08-25T13:51:18.1707563Z   path: sys-monitor-tauri/installers
Qualify — MSI install/run/uninstall	UNKNOWN STEP	2026-08-25T13:51:18.1707998Z   merge-multiple: false
Qualify — MSI install/run/uninstall	UNKNOWN STEP	2026-08-25T13:51:18.1708357Z   repository: quantdale/monitorers
Qualify — MSI install/run/uninstall	UNKNOWN STEP	2026-08-25T13:51:18.1708734Z   run-id: 32854438774
Qualify — MSI install/run/uninstall	UNKNOWN STEP	2026-08-25T13:51:18.1709037Z env:
Qualify — MSI install/run/uninstall	UNKNOWN STEP	2026-08-25T13:51:18.1709357Z   CARGO_TERM_COLOR: always
Qualify — MSI install/run/uninstall	UNKNOWN STEP	2026-08-25T13:51:18.1709704Z ##[endgroup]
Qualify — MSI install/run/uninstall	UNKNOWN STEP	2026-08-25T13:51:18.3894234Z (node:7392) [DEP0040] DeprecationWarning: The `punycode` module is deprecated. Please use a userland alternative instead.
Qualify — MSI install/run/uninstall	UNKNOWN STEP	2026-08-25T13:51:18.3895952Z (Use `node --trace-deprecation ...` to show where the warning was created)
Qualify — MSI install/run/uninstall	UNKNOWN STEP	2026-08-25T13:51:18.6139151Z Found 1 artifact(s)
Qualify — MSI install/run/uninstall	UNKNOWN STEP	2026-08-25T13:51:18.6140746Z No input name or pattern filtered specified, downloading all artifacts
Qualify — MSI install/run/uninstall	UNKNOWN STEP	2026-08-25T13:51:18.6142372Z An extra directory with the artifact name will be created for each download
Qualify — MSI install/run/uninstall	UNKNOWN STEP	2026-08-25T13:51:18.6143137Z Preparing to download the following artifacts:
Qualify — MSI install/run/uninstall	UNKNOWN STEP	2026-08-25T13:51:18.6143793Z - windows-installers (ID: 9565956585, Size: 5214668)
Qualify — MSI install/run/uninstall	UNKNOWN STEP	2026-08-25T13:51:18.8266959Z Redirecting to blob download url: https://productionresultssa4.blob.core.windows.net/actions-results/0d95cd45-a8be-4b62-bbff-5577f6c33e1d/workflow-job-run-08bb68e0-846e-5368-a589-b2f865c1a14e/artifacts/96d01dc735864186c40fc87dd0661f7825335e7d744e02d1cd13ebe0cb0792f9.zip
Qualify — MSI install/run/uninstall	UNKNOWN STEP	2026-08-25T13:51:18.8268500Z Starting download of artifact to: D:\a\monitorers\monitorers\sys-monitor-tauri\installers\windows-installers
Qualify — MSI install/run/uninstall	UNKNOWN STEP	2026-08-25T13:51:19.0756301Z (node:7392) [DEP0005] DeprecationWarning: Buffer() is deprecated due to security and usability issues. Please use the Buffer.alloc(), Buffer.allocUnsafe(), or Buffer.from() methods instead.
Qualify — MSI install/run/uninstall	UNKNOWN STEP	2026-08-25T13:51:19.5459385Z Artifact download completed successfully.
Qualify — MSI install/run/uninstall	UNKNOWN STEP	2026-08-25T13:51:19.5460008Z Total of 1 artifact(s) downloaded
Qualify — MSI install/run/uninstall	UNKNOWN STEP	2026-08-25T13:51:19.5470497Z Download artifact has finished successfully
Qualify — MSI install/run/uninstall	UNKNOWN STEP	2026-08-25T13:51:19.5788623Z ##[group]Run $msi = (Get-ChildItem -Recurse -Filter *.msi installers | Select-Object -First 1).FullName
Qualify — MSI install/run/uninstall	UNKNOWN STEP	2026-08-25T13:51:19.5789458Z [36;1m$msi = (Get-ChildItem -Recurse -Filter *.msi installers | Select-Object -First 1).FullName[0m
Qualify — MSI install/run/uninstall	UNKNOWN STEP	2026-08-25T13:51:19.5790209Z [36;1mif (-not $msi) { throw "downloaded MSI not found" }[0m
Qualify — MSI install/run/uninstall	UNKNOWN STEP	2026-08-25T13:51:19.5790552Z [36;1mWrite-Host "installing $msi"[0m
Qualify — MSI install/run/uninstall	UNKNOWN STEP	2026-08-25T13:51:19.5791333Z [36;1m$p = Start-Process msiexec.exe -ArgumentList "/i","`"$msi`"","/qn","/norestart","/l*v","$env:RUNNER_TEMP\msi-install.log" -Wait -PassThru[0m
Qualify — MSI install/run/uninstall	UNKNOWN STEP	2026-08-25T13:51:19.5792042Z [36;1mif ($p.ExitCode -ne 0) { throw "msiexec install failed with exit code $($p.ExitCode)" }[0m
Qualify — MSI install/run/uninstall	UNKNOWN STEP	2026-08-25T13:51:19.5792440Z [36;1m[0m
Qualify — MSI install/run/uninstall	UNKNOWN STEP	2026-08-25T13:51:19.5792752Z [36;1m$expectedVersion = (Get-Content package.json | ConvertFrom-Json).version[0m
Qualify — MSI install/run/uninstall	UNKNOWN STEP	2026-08-25T13:51:19.5793295Z [36;1m$key = Get-ChildItem 'HKLM:\SOFTWARE\Microsoft\Windows\CurrentVersion\Uninstall' |[0m
Qualify — MSI install/run/uninstall	UNKNOWN STEP	2026-08-25T13:51:19.5794007Z [36;1m  Where-Object { (Get-ItemProperty $_.PSPath -ErrorAction SilentlyContinue).DisplayName -eq 'System Monitor' } |[0m
Qualify — MSI install/run/uninstall	UNKNOWN STEP	2026-08-25T13:51:19.5794528Z [36;1m  Select-Object -First 1[0m
Qualify — MSI install/run/uninstall	UNKNOWN STEP	2026-08-25T13:51:19.5794894Z [36;1mif (-not $key) { throw "installed product not found in uninstall registry" }[0m
Qualify — MSI install/run/uninstall	UNKNOWN STEP	2026-08-25T13:51:19.5795307Z [36;1m$props = Get-ItemProperty $key.PSPath[0m
Qualify — MSI install/run/uninstall	UNKNOWN STEP	2026-08-25T13:51:19.5795997Z [36;1mWrite-Host "registered: $($props.DisplayName) $($props.DisplayVersion) at $($props.InstallLocation)"[0m
Qualify — MSI install/run/uninstall	UNKNOWN STEP	2026-08-25T13:51:19.5796529Z [36;1mif ($props.DisplayVersion -ne $expectedVersion) {[0m
Qualify — MSI install/run/uninstall	UNKNOWN STEP	2026-08-25T13:51:19.5797011Z [36;1m  throw "installed version $($props.DisplayVersion) != package version $expectedVersion"[0m
Qualify — MSI install/run/uninstall	UNKNOWN STEP	2026-08-25T13:51:19.5797418Z [36;1m}[0m
Qualify — MSI install/run/uninstall	UNKNOWN STEP	2026-08-25T13:51:19.5797729Z [36;1m# Locate the application binary structurally: the largest non-uninstaller[0m
Qualify — MSI install/run/uninstall	UNKNOWN STEP	2026-08-25T13:51:19.5798232Z [36;1m# executable under the registered install location. Verifying its file[0m
Qualify — MSI install/run/uninstall	UNKNOWN STEP	2026-08-25T13:51:19.5798714Z [36;1m# ProductVersion against the release version catches metadata drift at[0m
Qualify — MSI install/run/uninstall	UNKNOWN STEP	2026-08-25T13:51:19.5799140Z [36;1m# the actual installed artifact, not just registry text.[0m
Qualify — MSI install/run/uninstall	UNKNOWN STEP	2026-08-25T13:51:19.5799471Z [36;1m$dir = $props.InstallLocation[0m
Qualify — MSI install/run/uninstall	UNKNOWN STEP	2026-08-25T13:51:19.5799961Z [36;1mif (-not $dir -or -not (Test-Path $dir)) { throw "InstallLocation not usable: '$($props.InstallLocation)'" }[0m
Qualify — MSI install/run/uninstall	UNKNOWN STEP	2026-08-25T13:51:19.5800589Z [36;1mGet-ChildItem -Path $dir | ForEach-Object { Write-Host "  installed: $($_.Name)" }[0m
Qualify — MSI install/run/uninstall	UNKNOWN STEP	2026-08-25T13:51:19.5801089Z [36;1m$appExe = Get-ChildItem -Path $dir -Recurse -Filter '*.exe' |[0m
Qualify — MSI install/run/uninstall	UNKNOWN STEP	2026-08-25T13:51:19.5801479Z [36;1m  Where-Object { $_.Name -notmatch 'uninstall' } |[0m
Qualify — MSI install/run/uninstall	UNKNOWN STEP	2026-08-25T13:51:19.5801885Z [36;1m  Sort-Object Length -Descending | Select-Object -First 1[0m
Qualify — MSI install/run/uninstall	UNKNOWN STEP	2026-08-25T13:51:19.5802321Z [36;1mif (-not $appExe) { throw "installed executable missing under $dir" }[0m
Qualify — MSI install/run/uninstall	UNKNOWN STEP	2026-08-25T13:51:19.5802686Z [36;1m$exe = $appExe.FullName[0m
Qualify — MSI install/run/uninstall	UNKNOWN STEP	2026-08-25T13:51:19.5802992Z [36;1m$binaryVersion = $appExe.VersionInfo.ProductVersion[0m
Qualify — MSI install/run/uninstall	UNKNOWN STEP	2026-08-25T13:51:19.5803429Z [36;1mWrite-Host "installed binary: $exe (ProductVersion $binaryVersion)"[0m
Qualify — MSI install/run/uninstall	UNKNOWN STEP	2026-08-25T13:51:19.5803851Z [36;1mif ($binaryVersion -notlike "*$expectedVersion*") {[0m
Qualify — MSI install/run/uninstall	UNKNOWN STEP	2026-08-25T13:51:19.5804298Z [36;1m  throw "binary ProductVersion $binaryVersion != package version $expectedVersion"[0m
Qualify — MSI install/run/uninstall	UNKNOWN STEP	2026-08-25T13:51:19.5804852Z [36;1m}[0m
Qualify — MSI install/run/uninstall	UNKNOWN STEP	2026-08-25T13:51:19.5805226Z [36;1m"productCode=$($key.PSChildName)" | Out-File -FilePath $env:GITHUB_OUTPUT -Append[0m
Qualify — MSI install/run/uninstall	UNKNOWN STEP	2026-08-25T13:51:19.5805693Z [36;1m"exe=$exe" | Out-File -FilePath $env:GITHUB_OUTPUT -Append[0m
Qualify — MSI install/run/uninstall	UNKNOWN STEP	2026-08-25T13:51:19.5901139Z shell: C:\Program Files\PowerShell\7\pwsh.EXE -command ". '{0}'"
Qualify — MSI install/run/uninstall	UNKNOWN STEP	2026-08-25T13:51:19.5901495Z env:
Qualify — MSI install/run/uninstall	UNKNOWN STEP	2026-08-25T13:51:19.5901677Z   CARGO_TERM_COLOR: always
Qualify — MSI install/run/uninstall	UNKNOWN STEP	2026-08-25T13:51:19.5901896Z ##[endgroup]
Qualify — MSI install/run/uninstall	UNKNOWN STEP	2026-08-25T13:51:19.9377207Z installing D:\a\monitorers\monitorers\sys-monitor-tauri\installers\windows-installers\msi\System Monitor_0.1.4_x64_en-US.msi
Qualify — MSI install/run/uninstall	UNKNOWN STEP	2026-08-25T13:51:21.6978106Z registered: System Monitor 0.1.4 at C:\Program Files\System Monitor\
Qualify — MSI install/run/uninstall	UNKNOWN STEP	2026-08-25T13:51:21.7050343Z   installed: sys-monitor-tauri.exe
Qualify — MSI install/run/uninstall	UNKNOWN STEP	2026-08-25T13:51:21.7073507Z   installed: Uninstall System Monitor.lnk
Qualify — MSI install/run/uninstall	UNKNOWN STEP	2026-08-25T13:51:21.7292582Z installed binary: C:\Program Files\System Monitor\sys-monitor-tauri.exe (ProductVersion 0.1.4)
Qualify — MSI install/run/uninstall	UNKNOWN STEP	2026-08-25T13:51:21.8301210Z ##[group]Run npm run verify:packaged
Qualify — MSI install/run/uninstall	UNKNOWN STEP	2026-08-25T13:51:21.8301590Z [36;1mnpm run verify:packaged[0m
Qualify — MSI install/run/uninstall	UNKNOWN STEP	2026-08-25T13:51:21.8425177Z shell: C:\Program Files\PowerShell\7\pwsh.EXE -command ". '{0}'"
Qualify — MSI install/run/uninstall	UNKNOWN STEP	2026-08-25T13:51:21.8425535Z env:
Qualify — MSI install/run/uninstall	UNKNOWN STEP	2026-08-25T13:51:21.8425728Z   CARGO_TERM_COLOR: always
Qualify — MSI install/run/uninstall	UNKNOWN STEP	2026-08-25T13:51:21.8426043Z   SIM_APP_EXE: C:\Program Files\System Monitor\sys-monitor-tauri.exe
Qualify — MSI install/run/uninstall	UNKNOWN STEP	2026-08-25T13:51:21.8426373Z ##[endgroup]
Qualify — MSI install/run/uninstall	UNKNOWN STEP	2026-08-25T13:51:22.5382225Z 
Qualify — MSI install/run/uninstall	UNKNOWN STEP	2026-08-25T13:51:22.5382928Z > sys-monitor-tauri@0.1.4 verify:packaged
Qualify — MSI install/run/uninstall	UNKNOWN STEP	2026-08-25T13:51:22.5383695Z > playwright test --config e2e/qualify.playwright.config.ts
Qualify — MSI install/run/uninstall	UNKNOWN STEP	2026-08-25T13:51:22.5383983Z 
Qualify — MSI install/run/uninstall	UNKNOWN STEP	2026-08-25T13:51:23.4612921Z 
Qualify — MSI install/run/uninstall	UNKNOWN STEP	2026-08-25T13:51:23.4613525Z Running 1 test using 1 worker
Qualify — MSI install/run/uninstall	UNKNOWN STEP	2026-08-25T13:51:23.4614420Z 
Qualify — MSI install/run/uninstall	UNKNOWN STEP	2026-08-25T13:51:24.0428396Z [qualify] launching built app: C:\Program Files\System Monitor\sys-monitor-tauri.exe
Qualify — MSI install/run/uninstall	UNKNOWN STEP	2026-08-25T13:52:24.3876375Z [qualify] tasklist: "sys-monitor-tauri.exe","3780","Console","2","41,916 K"
Qualify — MSI install/run/uninstall	UNKNOWN STEP	2026-08-25T13:52:24.3877194Z "msedgewebview2.exe","7316","Console","2","119,028 K"
Qualify — MSI install/run/uninstall	UNKNOWN STEP	2026-08-25T13:52:24.3877810Z "msedgewebview2.exe","7976","Console","2","18,752 K"
Qualify — MSI install/run/uninstall	UNKNOWN STEP	2026-08-25T13:52:24.3878406Z "msedgewebview2.exe","8220","Console","2","47,372 K"
Qualify — MSI install/run/uninstall	UNKNOWN STEP	2026-08-25T13:52:24.3878941Z "msedgewebview2.exe","6788","Console","2","35,452 K"
Qualify — MSI install/run/uninstall	UNKNOWN STEP	2026-08-25T13:52:24.3879496Z "msedgewebview2.exe","3868","Console","2","19,516 K"
Qualify — MSI install/run/uninstall	UNKNOWN STEP	2026-08-25T13:52:24.3880079Z "msedgewebview2.exe","5856","Console","2","233,644 K"
Qualify — MSI install/run/uninstall	UNKNOWN STEP	2026-08-25T13:52:24.3881493Z [qualify] app stderr (D:\a\monitorers\monitorers\sys-monitor-tauri\test-results\qualify-packaged-app-qualifies-end-to-end-over-real-IPC\app-stderr.log):
Qualify — MSI install/run/uninstall	UNKNOWN STEP	2026-08-25T13:52:24.3882682Z  [PDH] GPU and disk counters initialized successfully.
Qualify — MSI install/run/uninstall	UNKNOWN STEP	2026-08-25T13:52:24.3883585Z [NVML] Init failed: a libloading error occurred: LoadLibraryExW failed
Qualify — MSI install/run/uninstall	UNKNOWN STEP	2026-08-25T13:52:24.3884329Z [PDH] GPU and disk counters initialized successfully.
Qualify — MSI install/run/uninstall	UNKNOWN STEP	2026-08-25T13:52:24.3885040Z [NVML] Init failed: a libloading error occurred: LoadLibraryExW failed
Qualify — MSI install/run/uninstall	UNKNOWN STEP	2026-08-25T13:52:24.3886119Z [Thermal] CPU temperature unavailable (Win32_PerfFormattedData_Counters_ThermalZoneInformation not present or empty).
Qualify — MSI install/run/uninstall	UNKNOWN STEP	2026-08-25T13:52:24.3887149Z [WMI] Background thread connection initialized (MTA).
Qualify — MSI install/run/uninstall	UNKNOWN STEP	2026-08-25T13:52:24.3888347Z [GPU] LUID 0x00005DD6 not matched by vendor keyword — GpuClass::Unknown
Qualify — MSI install/run/uninstall	UNKNOWN STEP	2026-08-25T13:52:24.3889330Z [GPU] LUID 0x00005DD6 not matched by vendor keyword — GpuClass::Unknown
Qualify — MSI install/run/uninstall	UNKNOWN STEP	2026-08-25T13:52:24.3890106Z [NVML] Init failed: a libloading error occurred: LoadLibraryExW failed
Qualify — MSI install/run/uninstall	UNKNOWN STEP	2026-08-25T13:52:24.3890428Z 
Qualify — MSI install/run/uninstall	UNKNOWN STEP	2026-08-25T13:52:24.4169926Z   x  1 e2e\sim\qualify.spec.ts:54:1 › packaged app qualifies end-to-end over real IPC (1.0m)
Qualify — MSI install/run/uninstall	UNKNOWN STEP	2026-08-25T13:52:24.4621052Z 
Qualify — MSI install/run/uninstall	UNKNOWN STEP	2026-08-25T13:52:24.4635929Z 
Qualify — MSI install/run/uninstall	UNKNOWN STEP	2026-08-25T13:52:24.4638978Z   1) e2e\sim\qualify.spec.ts:54:1 › packaged app qualifies end-to-end over real IPC ────────────────
Qualify — MSI install/run/uninstall	UNKNOWN STEP	2026-08-25T13:52:24.4639870Z 
Qualify — MSI install/run/uninstall	UNKNOWN STEP	2026-08-25T13:52:24.4641116Z     ClassifiedSimulationError: RealAppDriver: CDP endpoint http://127.0.0.1:54665/json/version did not come up within 60000ms (TypeError: fetch failed)
Qualify — MSI install/run/uninstall	UNKNOWN STEP	2026-08-25T13:52:24.4648088Z 
Qualify — MSI install/run/uninstall	UNKNOWN STEP	2026-08-25T13:52:24.4648649Z        at drivers\RealAppDriver.ts:98
Qualify — MSI install/run/uninstall	UNKNOWN STEP	2026-08-25T13:52:24.4666228Z 
Qualify — MSI install/run/uninstall	UNKNOWN STEP	2026-08-25T13:52:24.4669117Z        96 |     await new Promise((r) => setTimeout(r, 500));
Qualify — MSI install/run/uninstall	UNKNOWN STEP	2026-08-25T13:52:24.4669806Z        97 |   }
Qualify — MSI install/run/uninstall	UNKNOWN STEP	2026-08-25T13:52:24.4670351Z     >  98 |   throw new ClassifiedSimulationError(
Qualify — MSI install/run/uninstall	UNKNOWN STEP	2026-08-25T13:52:24.4677000Z           |         ^
Qualify — MSI install/run/uninstall	UNKNOWN STEP	2026-08-25T13:52:24.4681192Z        99 |     `RealAppDriver: CDP endpoint ${url} did not come up within ${timeoutMs}ms` + (lastErr ? ` (${String(lastErr)})` : ''),
Qualify — MSI install/run/uninstall	UNKNOWN STEP	2026-08-25T13:52:24.4683553Z       100 |     'harness-defect',
Qualify — MSI install/run/uninstall	UNKNOWN STEP	2026-08-25T13:52:24.4692293Z       101 |     'cdp',
Qualify — MSI install/run/uninstall	UNKNOWN STEP	2026-08-25T13:52:24.4693588Z         at waitForCdp (D:\a\monitorers\monitorers\sys-monitor-tauri\e2e\sim\drivers\RealAppDriver.ts:98:9)
Qualify — MSI install/run/uninstall	UNKNOWN STEP	2026-08-25T13:52:24.4741537Z         at waitForCdpOrProcess (D:\a\monitorers\monitorers\sys-monitor-tauri\e2e\sim\drivers\RealAppDriver.ts:144:5)
Qualify — MSI install/run/uninstall	UNKNOWN STEP	2026-08-25T13:52:24.4743149Z         at RealAppDriver.launch (D:\a\monitorers\monitorers\sys-monitor-tauri\e2e\sim\drivers\RealAppDriver.ts:322:5)
Qualify — MSI install/run/uninstall	UNKNOWN STEP	2026-08-25T13:52:24.4744643Z         at D:\a\monitorers\monitorers\sys-monitor-tauri\e2e\sim\qualify.spec.ts:65:19
Qualify — MSI install/run/uninstall	UNKNOWN STEP	2026-08-25T13:52:24.4821175Z 
Qualify — MSI install/run/uninstall	UNKNOWN STEP	2026-08-25T13:52:24.4826803Z     Error Context: test-results\qualify-packaged-app-qualifies-end-to-end-over-real-IPC\error-context.md
Qualify — MSI install/run/uninstall	UNKNOWN STEP	2026-08-25T13:52:24.4828770Z 
Qualify — MSI install/run/uninstall	UNKNOWN STEP	2026-08-25T13:52:24.4829074Z   1 failed
Qualify — MSI install/run/uninstall	UNKNOWN STEP	2026-08-25T13:52:24.4830427Z     e2e\sim\qualify.spec.ts:54:1 › packaged app qualifies end-to-end over real IPC ─────────────────
Qualify — MSI install/run/uninstall	UNKNOWN STEP	2026-08-25T13:52:24.5858307Z ##[error]Process completed with exit code 1.
Qualify — MSI install/run/uninstall	UNKNOWN STEP	2026-08-25T13:52:24.6055951Z ##[group]Run actions/upload-artifact@043fb46d1a93c77aae656e7c1c64a875d1fc6a0a
Qualify — MSI install/run/uninstall	UNKNOWN STEP	2026-08-25T13:52:24.6056424Z with:
Qualify — MSI install/run/uninstall	UNKNOWN STEP	2026-08-25T13:52:24.6056635Z   name: msi-qualification-logs
Qualify — MSI install/run/uninstall	UNKNOWN STEP	2026-08-25T13:52:24.6057018Z   path: D:\a\_temp/msi-install.log
Qualify — MSI install/run/uninstall	UNKNOWN STEP	sys-monitor-tauri/test-results/**
Qualify — MSI install/run/uninstall	UNKNOWN STEP	
Qualify — MSI install/run/uninstall	UNKNOWN STEP	2026-08-25T13:52:24.6057376Z   if-no-files-found: ignore
Qualify — MSI install/run/uninstall	UNKNOWN STEP	2026-08-25T13:52:24.6057612Z   compression-level: 6
Qualify — MSI install/run/uninstall	UNKNOWN STEP	2026-08-25T13:52:24.6057823Z   overwrite: false
Qualify — MSI install/run/uninstall	UNKNOWN STEP	2026-08-25T13:52:24.6058425Z   include-hidden-files: false
Qualify — MSI install/run/uninstall	UNKNOWN STEP	2026-08-25T13:52:24.6058660Z   archive: true
Qualify — MSI install/run/uninstall	UNKNOWN STEP	2026-08-25T13:52:24.6058844Z env:
Qualify — MSI install/run/uninstall	UNKNOWN STEP	2026-08-25T13:52:24.6059020Z   CARGO_TERM_COLOR: always
Qualify — MSI install/run/uninstall	UNKNOWN STEP	2026-08-25T13:52:24.6059233Z ##[endgroup]
Qualify — MSI install/run/uninstall	UNKNOWN STEP	2026-08-25T13:52:24.7836081Z Multiple search paths detected. Calculating the least common ancestor of all paths
Qualify — MSI install/run/uninstall	UNKNOWN STEP	2026-08-25T13:52:24.7838646Z The least common ancestor is D:\a. This will be the root directory of the artifact
Qualify — MSI install/run/uninstall	UNKNOWN STEP	2026-08-25T13:52:24.7839523Z With the provided path, there will be 3 files uploaded
Qualify — MSI install/run/uninstall	UNKNOWN STEP	2026-08-25T13:52:24.7843937Z Artifact name is valid!
Qualify — MSI install/run/uninstall	UNKNOWN STEP	2026-08-25T13:52:24.7844846Z Root directory input is valid!
Qualify — MSI install/run/uninstall	UNKNOWN STEP	2026-08-25T13:52:25.1260819Z Uploading artifact: msi-qualification-logs.zip
Qualify — MSI install/run/uninstall	UNKNOWN STEP	2026-08-25T13:52:25.1303031Z Beginning upload of artifact content to blob storage
Qualify — MSI install/run/uninstall	UNKNOWN STEP	2026-08-25T13:52:25.4451393Z Uploaded bytes 16111
Qualify — MSI install/run/uninstall	UNKNOWN STEP	2026-08-25T13:52:25.5093258Z Finished uploading artifact content to blob storage!
Qualify — MSI install/run/uninstall	UNKNOWN STEP	2026-08-25T13:52:25.5094130Z SHA256 digest of uploaded artifact is 0c7a26562a70c3b95f1f230c9e795146fac71487a70b9a9ed806cdfb9df25323
Qualify — MSI install/run/uninstall	UNKNOWN STEP	2026-08-25T13:52:25.5095185Z Finalizing artifact upload
Qualify — MSI install/run/uninstall	UNKNOWN STEP	2026-08-25T13:52:25.8627982Z Artifact msi-qualification-logs successfully finalized. Artifact ID 9566162805
Qualify — MSI install/run/uninstall	UNKNOWN STEP	2026-08-25T13:52:25.8629069Z Artifact msi-qualification-logs has been successfully uploaded! Final size is 16111 bytes. Artifact ID is 9566162805
Qualify — MSI install/run/uninstall	UNKNOWN STEP	2026-08-25T13:52:25.8638534Z Artifact download URL: https://github.com/quantdale/monitorers/actions/runs/32854438774/artifacts/9566162805
Qualify — MSI install/run/uninstall	UNKNOWN STEP	2026-08-25T13:52:25.8983893Z Post job cleanup.
Qualify — MSI install/run/uninstall	UNKNOWN STEP	2026-08-25T13:52:26.0665889Z [command]"C:\Program Files\Git\bin\git.exe" version
Qualify — MSI install/run/uninstall	UNKNOWN STEP	2026-08-25T13:52:26.0945812Z git version 2.55.0.windows.4
Qualify — MSI install/run/uninstall	UNKNOWN STEP	2026-08-25T13:52:26.1026646Z Temporarily overriding HOME='D:\a\_temp\755f3b1d-6fa9-4e8d-afc9-9c8f9c0c9934' before making global git config changes
Qualify — MSI install/run/uninstall	UNKNOWN STEP	2026-08-25T13:52:26.1028042Z Adding repository directory to the temporary git global config as a safe directory
Qualify — MSI install/run/uninstall	UNKNOWN STEP	2026-08-25T13:52:26.1039362Z [command]"C:\Program Files\Git\bin\git.exe" config --global --add safe.directory D:\a\monitorers\monitorers
Qualify — MSI install/run/uninstall	UNKNOWN STEP	2026-08-25T13:52:26.1369383Z Removing SSH command configuration
Qualify — MSI install/run/uninstall	UNKNOWN STEP	2026-08-25T13:52:26.1385839Z [command]"C:\Program Files\Git\bin\git.exe" config --local --name-only --get-regexp core\.sshCommand
Qualify — MSI install/run/uninstall	UNKNOWN STEP	2026-08-25T13:52:26.1752888Z [command]"C:\Program Files\Git\bin\git.exe" submodule foreach --recursive "sh -c \"git config --local --name-only --get-regexp 'core\.sshCommand' && git config --local --unset-all 'core.sshCommand' || :\""
Qualify — MSI install/run/uninstall	UNKNOWN STEP	2026-08-25T13:52:26.7108709Z Removing HTTP extra header
Qualify — MSI install/run/uninstall	UNKNOWN STEP	2026-08-25T13:52:26.7119488Z [command]"C:\Program Files\Git\bin\git.exe" config --local --name-only --get-regexp http\.https\:\/\/github\.com\/\.extraheader
Qualify — MSI install/run/uninstall	UNKNOWN STEP	2026-08-25T13:52:26.7415738Z [command]"C:\Program Files\Git\bin\git.exe" submodule foreach --recursive "sh -c \"git config --local --name-only --get-regexp 'http\.https\:\/\/github\.com\/\.extraheader' && git config --local --unset-all 'http.https://github.com/.extraheader' || :\""
Qualify — MSI install/run/uninstall	UNKNOWN STEP	2026-08-25T13:52:27.2646764Z Removing includeIf entries pointing to credentials config files
Qualify — MSI install/run/uninstall	UNKNOWN STEP	2026-08-25T13:52:27.2658369Z [command]"C:\Program Files\Git\bin\git.exe" config --local --name-only --get-regexp ^includeIf\.gitdir:
Qualify — MSI install/run/uninstall	UNKNOWN STEP	2026-08-25T13:52:27.2909934Z includeif.gitdir:D:/a/monitorers/monitorers/.git.path
Qualify — MSI install/run/uninstall	UNKNOWN STEP	2026-08-25T13:52:27.2910539Z includeif.gitdir:D:/a/monitorers/monitorers/.git/worktrees/*.path
Qualify — MSI install/run/uninstall	UNKNOWN STEP	2026-08-25T13:52:27.2910983Z includeif.gitdir:/github/workspace/.git.path
Qualify — MSI install/run/uninstall	UNKNOWN STEP	2026-08-25T13:52:27.2911470Z includeif.gitdir:/github/workspace/.git/worktrees/*.path
Qualify — MSI install/run/uninstall	UNKNOWN STEP	2026-08-25T13:52:27.2950814Z [command]"C:\Program Files\Git\bin\git.exe" config --local --get-all includeif.gitdir:D:/a/monitorers/monitorers/.git.path
Qualify — MSI install/run/uninstall	UNKNOWN STEP	2026-08-25T13:52:27.3202047Z D:\a\_temp\git-credentials-f532ef6c-583a-4637-8ddc-dca17380398a.config
Qualify — MSI install/run/uninstall	UNKNOWN STEP	2026-08-25T13:52:27.3247609Z [command]"C:\Program Files\Git\bin\git.exe" config --local --unset includeif.gitdir:D:/a/monitorers/monitorers/.git.path D\:\\a\\_temp\\git\-credentials\-f532ef6c\-583a\-4637\-8ddc\-dca17380398a\.config
Qualify — MSI install/run/uninstall	UNKNOWN STEP	2026-08-25T13:52:27.3592602Z [command]"C:\Program Files\Git\bin\git.exe" config --local --get-all includeif.gitdir:D:/a/monitorers/monitorers/.git/worktrees/*.path
Qualify — MSI install/run/uninstall	UNKNOWN STEP	2026-08-25T13:52:27.3844040Z D:\a\_temp\git-credentials-f532ef6c-583a-4637-8ddc-dca17380398a.config
Qualify — MSI install/run/uninstall	UNKNOWN STEP	2026-08-25T13:52:27.3887609Z [command]"C:\Program Files\Git\bin\git.exe" config --local --unset includeif.gitdir:D:/a/monitorers/monitorers/.git/worktrees/*.path D\:\\a\\_temp\\git\-credentials\-f532ef6c\-583a\-4637\-8ddc\-dca17380398a\.config
Qualify — MSI install/run/uninstall	UNKNOWN STEP	2026-08-25T13:52:27.4186388Z [command]"C:\Program Files\Git\bin\git.exe" config --local --get-all includeif.gitdir:/github/workspace/.git.path
Qualify — MSI install/run/uninstall	UNKNOWN STEP	2026-08-25T13:52:27.4431104Z /github/runner_temp/git-credentials-f532ef6c-583a-4637-8ddc-dca17380398a.config
Qualify — MSI install/run/uninstall	UNKNOWN STEP	2026-08-25T13:52:27.4472592Z [command]"C:\Program Files\Git\bin\git.exe" config --local --unset includeif.gitdir:/github/workspace/.git.path \/github\/runner_temp\/git\-credentials\-f532ef6c\-583a\-4637\-8ddc\-dca17380398a\.config
Qualify — MSI install/run/uninstall	UNKNOWN STEP	2026-08-25T13:52:27.4758250Z [command]"C:\Program Files\Git\bin\git.exe" config --local --get-all includeif.gitdir:/github/workspace/.git/worktrees/*.path
Qualify — MSI install/run/uninstall	UNKNOWN STEP	2026-08-25T13:52:27.5001701Z /github/runner_temp/git-credentials-f532ef6c-583a-4637-8ddc-dca17380398a.config
Qualify — MSI install/run/uninstall	UNKNOWN STEP	2026-08-25T13:52:27.5045422Z [command]"C:\Program Files\Git\bin\git.exe" config --local --unset includeif.gitdir:/github/workspace/.git/worktrees/*.path \/github\/runner_temp\/git\-credentials\-f532ef6c\-583a\-4637\-8ddc\-dca17380398a\.config
Qualify — MSI install/run/uninstall	UNKNOWN STEP	2026-08-25T13:52:27.5337301Z [command]"C:\Program Files\Git\bin\git.exe" submodule foreach --recursive "git config --local --show-origin --name-only --get-regexp remote.origin.url"
Qualify — MSI install/run/uninstall	UNKNOWN STEP	2026-08-25T13:52:28.0409885Z Removing credentials config 'D:\a\_temp\git-credentials-f532ef6c-583a-4637-8ddc-dca17380398a.config'
Qualify — MSI install/run/uninstall	UNKNOWN STEP	2026-08-25T13:52:28.0614343Z Cleaning up orphan processes
Qualify — MSI install/run/uninstall	UNKNOWN STEP	2026-08-25T13:52:28.1067423Z ##[warning]Node.js 20 is deprecated. The following actions target Node.js 20 but are being forced to run on Node.js 24: actions/download-artifact@fa0a91b85d4f404e444e00e005971372dc801d16. For more information see: https://github.blog/changelog/2025-09-19-deprecation-of-node-20-on-github-actions-runners/
